     1 00000000                                 [FORMAT "WCOFF"]
     2 00000000                                 [INSTRSET "i486p"]
     3 00000000                                 [OPTIMIZE 1]
     4 00000000                                 [OPTION 1]
     5 00000000                                 [BITS 32]
     6 00000000                                 	EXTERN	_sprintf
     7 00000000                                 	EXTERN	_io_hlt
     8 00000000                                 	EXTERN	_io_load_eflags
     9 00000000                                 	EXTERN	_io_cli
    10 00000000                                 	EXTERN	_io_out8
    11 00000000                                 	EXTERN	_io_store_eflags
    12 00000000                                 	EXTERN	_hankaku
    13 00000000                                 	EXTERN	_load_gdtr
    14 00000000                                 	EXTERN	_load_idtr
    15 00000000                                 [FILE "bootpack.c"]
    16                                          [SECTION .data]
    17 00000000                                 LC0:
    18 00000000 28 25 64 2C 20 25 64 29 00      	DB	"(%d, %d)",0x00
    19 00000009                                 LC1:
    20 00000009 48 65 6C 6C 6F 00               	DB	"Hello",0x00
    21                                          [SECTION .text]
    22 00000000                                 	GLOBAL	_HariMain
    23 00000000                                 _HariMain:
    24 00000000 55                              	PUSH	EBP
    25 00000001 89 E5                           	MOV	EBP,ESP
    26 00000003 57                              	PUSH	EDI
    27 00000004 56                              	PUSH	ESI
    28 00000005 53                              	PUSH	EBX
    29 00000006 8D 9D FFFFFEC4                  	LEA	EBX,DWORD [-316+EBP]
    30 0000000C 81 EC 00000130                  	SUB	ESP,304
    31 00000012 E8 000004C9                     	CALL	_init_gdtidt
    32 00000017 E8 000000C5                     	CALL	_init_palette
    33 0000001C 0F BF 05 00000FF6               	MOVSX	EAX,WORD [4086]
    34 00000023 50                              	PUSH	EAX
    35 00000024 0F BF 05 00000FF4               	MOVSX	EAX,WORD [4084]
    36 0000002B 50                              	PUSH	EAX
    37 0000002C FF 35 00000FF8                  	PUSH	DWORD [4088]
    38 00000032 E8 00000196                     	CALL	_init_screen8
    39 00000037 B9 00000002                     	MOV	ECX,2
    40 0000003C 0F BF 05 00000FF4               	MOVSX	EAX,WORD [4084]
    41 00000043 8D 50 F0                        	LEA	EDX,DWORD [-16+EAX]
    42 00000046 89 D0                           	MOV	EAX,EDX
    43 00000048 99                              	CDQ
    44 00000049 F7 F9                           	IDIV	ECX
    45 0000004B 0F BF 15 00000FF6               	MOVSX	EDX,WORD [4086]
    46 00000052 83 EA 2C                        	SUB	EDX,44
    47 00000055 89 C7                           	MOV	EDI,EAX
    48 00000057 89 D0                           	MOV	EAX,EDX
    49 00000059 6A 0E                           	PUSH	14
    50 0000005B 99                              	CDQ
    51 0000005C F7 F9                           	IDIV	ECX
    52 0000005E 53                              	PUSH	EBX
    53 0000005F 89 C6                           	MOV	ESI,EAX
    54 00000061 E8 000003C7                     	CALL	_init_mouse_cursor8
    55 00000066 6A 10                           	PUSH	16
    56 00000068 53                              	PUSH	EBX
    57 00000069 8D 5D C4                        	LEA	EBX,DWORD [-60+EBP]
    58 0000006C 56                              	PUSH	ESI
    59 0000006D 57                              	PUSH	EDI
    60 0000006E 6A 10                           	PUSH	16
    61 00000070 6A 10                           	PUSH	16
    62 00000072 0F BF 05 00000FF4               	MOVSX	EAX,WORD [4084]
    63 00000079 50                              	PUSH	EAX
    64 0000007A FF 35 00000FF8                  	PUSH	DWORD [4088]
    65 00000080 E8 00000405                     	CALL	_putblock8_8
    66 00000085 83 C4 34                        	ADD	ESP,52
    67 00000088 56                              	PUSH	ESI
    68 00000089 57                              	PUSH	EDI
    69 0000008A 68 [00000000]                   	PUSH	LC0
    70 0000008F 53                              	PUSH	EBX
    71 00000090 E8 [00000000]                   	CALL	_sprintf
    72 00000095 53                              	PUSH	EBX
    73 00000096 6A 07                           	PUSH	7
    74 00000098 6A 00                           	PUSH	0
    75 0000009A 6A 00                           	PUSH	0
    76 0000009C 0F BF 05 00000FF4               	MOVSX	EAX,WORD [4084]
    77 000000A3 50                              	PUSH	EAX
    78 000000A4 FF 35 00000FF8                  	PUSH	DWORD [4088]
    79 000000AA E8 0000032F                     	CALL	_putfonts8_asc
    80 000000AF 83 C4 28                        	ADD	ESP,40
    81 000000B2 68 [00000009]                   	PUSH	LC1
    82 000000B7 53                              	PUSH	EBX
    83 000000B8 E8 [00000000]                   	CALL	_sprintf
    84 000000BD 53                              	PUSH	EBX
    85 000000BE 6A 07                           	PUSH	7
    86 000000C0 6A 1E                           	PUSH	30
    87 000000C2 6A 00                           	PUSH	0
    88 000000C4 0F BF 05 00000FF4               	MOVSX	EAX,WORD [4084]
    89 000000CB 50                              	PUSH	EAX
    90 000000CC FF 35 00000FF8                  	PUSH	DWORD [4088]
    91 000000D2 E8 00000307                     	CALL	_putfonts8_asc
    92 000000D7 83 C4 20                        	ADD	ESP,32
    93 000000DA                                 L2:
    94 000000DA E8 [00000000]                   	CALL	_io_hlt
    95 000000DF EB F9                           	JMP	L2
    96                                          [SECTION .data]
    97 0000000F                                 _table_rgb.0:
    98 0000000F 00                              	DB	0
    99 00000010 00                              	DB	0
   100 00000011 00                              	DB	0
   101 00000012 FF                              	DB	-1
   102 00000013 00                              	DB	0
   103 00000014 00                              	DB	0
   104 00000015 00                              	DB	0
   105 00000016 FF                              	DB	-1
   106 00000017 00                              	DB	0
   107 00000018 FF                              	DB	-1
   108 00000019 FF                              	DB	-1
   109 0000001A 00                              	DB	0
   110 0000001B 00                              	DB	0
   111 0000001C 00                              	DB	0
   112 0000001D FF                              	DB	-1
   113 0000001E FF                              	DB	-1
   114 0000001F 00                              	DB	0
   115 00000020 FF                              	DB	-1
   116 00000021 00                              	DB	0
   117 00000022 FF                              	DB	-1
   118 00000023 FF                              	DB	-1
   119 00000024 FF                              	DB	-1
   120 00000025 FF                              	DB	-1
   121 00000026 FF                              	DB	-1
   122 00000027 C6                              	DB	-58
   123 00000028 C6                              	DB	-58
   124 00000029 C6                              	DB	-58
   125 0000002A 84                              	DB	-124
   126 0000002B 00                              	DB	0
   127 0000002C 00                              	DB	0
   128 0000002D 00                              	DB	0
   129 0000002E 84                              	DB	-124
   130 0000002F 00                              	DB	0
   131 00000030 84                              	DB	-124
   132 00000031 84                              	DB	-124
   133 00000032 00                              	DB	0
   134 00000033 00                              	DB	0
   135 00000034 00                              	DB	0
   136 00000035 84                              	DB	-124
   137 00000036 84                              	DB	-124
   138 00000037 00                              	DB	0
   139 00000038 84                              	DB	-124
   140 00000039 00                              	DB	0
   141 0000003A 84                              	DB	-124
   142 0000003B 84                              	DB	-124
   143 0000003C 84                              	DB	-124
   144 0000003D 84                              	DB	-124
   145 0000003E 84                              	DB	-124
   146                                          [SECTION .text]
   147 000000E1                                 	GLOBAL	_init_palette
   148 000000E1                                 _init_palette:
   149 000000E1 55                              	PUSH	EBP
   150 000000E2 89 E5                           	MOV	EBP,ESP
   151 000000E4 68 [0000000F]                   	PUSH	_table_rgb.0
   152 000000E9 6A 0F                           	PUSH	15
   153 000000EB 6A 00                           	PUSH	0
   154 000000ED E8 00000002                     	CALL	_set_palette
   155 000000F2 C9                              	LEAVE
   156 000000F3 C3                              	RET
   157 000000F4                                 	GLOBAL	_set_palette
   158 000000F4                                 _set_palette:
   159 000000F4 55                              	PUSH	EBP
   160 000000F5 89 E5                           	MOV	EBP,ESP
   161 000000F7 57                              	PUSH	EDI
   162 000000F8 56                              	PUSH	ESI
   163 000000F9 53                              	PUSH	EBX
   164 000000FA 51                              	PUSH	ECX
   165 000000FB 8B 5D 08                        	MOV	EBX,DWORD [8+EBP]
   166 000000FE 8B 7D 0C                        	MOV	EDI,DWORD [12+EBP]
   167 00000101 8B 75 10                        	MOV	ESI,DWORD [16+EBP]
   168 00000104 E8 [00000000]                   	CALL	_io_load_eflags
   169 00000109 89 45 F0                        	MOV	DWORD [-16+EBP],EAX
   170 0000010C E8 [00000000]                   	CALL	_io_cli
   171 00000111 53                              	PUSH	EBX
   172 00000112 68 000003C8                     	PUSH	968
   173 00000117 E8 [00000000]                   	CALL	_io_out8
   174 0000011C 39 FB                           	CMP	EBX,EDI
   175 0000011E 58                              	POP	EAX
   176 0000011F 5A                              	POP	EDX
   177 00000120 7E 12                           	JLE	L11
   178 00000122                                 L13:
   179 00000122 8B 45 F0                        	MOV	EAX,DWORD [-16+EBP]
   180 00000125 89 45 08                        	MOV	DWORD [8+EBP],EAX
   181 00000128 8D 65 F4                        	LEA	ESP,DWORD [-12+EBP]
   182 0000012B 5B                              	POP	EBX
   183 0000012C 5E                              	POP	ESI
   184 0000012D 5F                              	POP	EDI
   185 0000012E 5D                              	POP	EBP
   186 0000012F E9 [00000000]                   	JMP	_io_store_eflags
   187 00000134                                 L11:
   188 00000134 8A 06                           	MOV	AL,BYTE [ESI]
   189 00000136 43                              	INC	EBX
   190 00000137 C0 E8 02                        	SHR	AL,2
   191 0000013A 0F B6 C0                        	MOVZX	EAX,AL
   192 0000013D 50                              	PUSH	EAX
   193 0000013E 68 000003C9                     	PUSH	969
   194 00000143 E8 [00000000]                   	CALL	_io_out8
   195 00000148 8A 46 01                        	MOV	AL,BYTE [1+ESI]
   196 0000014B C0 E8 02                        	SHR	AL,2
   197 0000014E 0F B6 C0                        	MOVZX	EAX,AL
   198 00000151 50                              	PUSH	EAX
   199 00000152 68 000003C9                     	PUSH	969
   200 00000157 E8 [00000000]                   	CALL	_io_out8
   201 0000015C 8A 46 02                        	MOV	AL,BYTE [2+ESI]
   202 0000015F C0 E8 02                        	SHR	AL,2
   203 00000162 83 C6 03                        	ADD	ESI,3
   204 00000165 0F B6 C0                        	MOVZX	EAX,AL
   205 00000168 50                              	PUSH	EAX
   206 00000169 68 000003C9                     	PUSH	969
   207 0000016E E8 [00000000]                   	CALL	_io_out8
   208 00000173 83 C4 18                        	ADD	ESP,24
   209 00000176 39 FB                           	CMP	EBX,EDI
   210 00000178 7E BA                           	JLE	L11
   211 0000017A EB A6                           	JMP	L13
   212 0000017C                                 	GLOBAL	_boxfill8
   213 0000017C                                 _boxfill8:
   214 0000017C 55                              	PUSH	EBP
   215 0000017D 89 E5                           	MOV	EBP,ESP
   216 0000017F 57                              	PUSH	EDI
   217 00000180 56                              	PUSH	ESI
   218 00000181 53                              	PUSH	EBX
   219 00000182 57                              	PUSH	EDI
   220 00000183 57                              	PUSH	EDI
   221 00000184 8A 45 10                        	MOV	AL,BYTE [16+EBP]
   222 00000187 8B 4D 18                        	MOV	ECX,DWORD [24+EBP]
   223 0000018A 8B 7D 1C                        	MOV	EDI,DWORD [28+EBP]
   224 0000018D 88 45 F3                        	MOV	BYTE [-13+EBP],AL
   225 00000190 3B 4D 20                        	CMP	ECX,DWORD [32+EBP]
   226 00000193 7F 31                           	JG	L26
   227 00000195 8B 5D 0C                        	MOV	EBX,DWORD [12+EBP]
   228 00000198 0F AF D9                        	IMUL	EBX,ECX
   229 0000019B                                 L24:
   230 0000019B 8B 55 14                        	MOV	EDX,DWORD [20+EBP]
   231 0000019E 39 FA                           	CMP	EDX,EDI
   232 000001A0 7F 1B                           	JG	L28
   233 000001A2 8B 75 08                        	MOV	ESI,DWORD [8+EBP]
   234 000001A5 01 DE                           	ADD	ESI,EBX
   235 000001A7 01 D6                           	ADD	ESI,EDX
   236 000001A9 89 75 EC                        	MOV	DWORD [-20+EBP],ESI
   237 000001AC                                 L23:
   238 000001AC 8B 75 EC                        	MOV	ESI,DWORD [-20+EBP]
   239 000001AF 8A 45 F3                        	MOV	AL,BYTE [-13+EBP]
   240 000001B2 42                              	INC	EDX
   241 000001B3 88 06                           	MOV	BYTE [ESI],AL
   242 000001B5 46                              	INC	ESI
   243 000001B6 89 75 EC                        	MOV	DWORD [-20+EBP],ESI
   244 000001B9 39 FA                           	CMP	EDX,EDI
   245 000001BB 7E EF                           	JLE	L23
   246 000001BD                                 L28:
   247 000001BD 41                              	INC	ECX
   248 000001BE 03 5D 0C                        	ADD	EBX,DWORD [12+EBP]
   249 000001C1 3B 4D 20                        	CMP	ECX,DWORD [32+EBP]
   250 000001C4 7E D5                           	JLE	L24
   251 000001C6                                 L26:
   252 000001C6 5B                              	POP	EBX
   253 000001C7 5E                              	POP	ESI
   254 000001C8 5B                              	POP	EBX
   255 000001C9 5E                              	POP	ESI
   256 000001CA 5F                              	POP	EDI
   257 000001CB 5D                              	POP	EBP
   258 000001CC C3                              	RET
   259 000001CD                                 	GLOBAL	_init_screen8
   260 000001CD                                 _init_screen8:
   261 000001CD 55                              	PUSH	EBP
   262 000001CE 89 E5                           	MOV	EBP,ESP
   263 000001D0 57                              	PUSH	EDI
   264 000001D1 56                              	PUSH	ESI
   265 000001D2 53                              	PUSH	EBX
   266 000001D3 83 EC 0C                        	SUB	ESP,12
   267 000001D6 8B 45 10                        	MOV	EAX,DWORD [16+EBP]
   268 000001D9 8B 7D 0C                        	MOV	EDI,DWORD [12+EBP]
   269 000001DC 83 E8 1D                        	SUB	EAX,29
   270 000001DF 4F                              	DEC	EDI
   271 000001E0 50                              	PUSH	EAX
   272 000001E1 57                              	PUSH	EDI
   273 000001E2 6A 00                           	PUSH	0
   274 000001E4 6A 00                           	PUSH	0
   275 000001E6 6A 0E                           	PUSH	14
   276 000001E8 FF 75 0C                        	PUSH	DWORD [12+EBP]
   277 000001EB FF 75 08                        	PUSH	DWORD [8+EBP]
   278 000001EE E8 FFFFFF89                     	CALL	_boxfill8
   279 000001F3 8B 45 10                        	MOV	EAX,DWORD [16+EBP]
   280 000001F6 83 E8 1C                        	SUB	EAX,28
   281 000001F9 50                              	PUSH	EAX
   282 000001FA 57                              	PUSH	EDI
   283 000001FB 50                              	PUSH	EAX
   284 000001FC 6A 00                           	PUSH	0
   285 000001FE 6A 08                           	PUSH	8
   286 00000200 FF 75 0C                        	PUSH	DWORD [12+EBP]
   287 00000203 FF 75 08                        	PUSH	DWORD [8+EBP]
   288 00000206 E8 FFFFFF71                     	CALL	_boxfill8
   289 0000020B 8B 45 10                        	MOV	EAX,DWORD [16+EBP]
   290 0000020E 83 C4 38                        	ADD	ESP,56
   291 00000211 83 E8 1B                        	SUB	EAX,27
   292 00000214 50                              	PUSH	EAX
   293 00000215 57                              	PUSH	EDI
   294 00000216 50                              	PUSH	EAX
   295 00000217 6A 00                           	PUSH	0
   296 00000219 6A 07                           	PUSH	7
   297 0000021B FF 75 0C                        	PUSH	DWORD [12+EBP]
   298 0000021E FF 75 08                        	PUSH	DWORD [8+EBP]
   299 00000221 E8 FFFFFF56                     	CALL	_boxfill8
   300 00000226 8B 45 10                        	MOV	EAX,DWORD [16+EBP]
   301 00000229 48                              	DEC	EAX
   302 0000022A 50                              	PUSH	EAX
   303 0000022B 8B 45 10                        	MOV	EAX,DWORD [16+EBP]
   304 0000022E 57                              	PUSH	EDI
   305 0000022F 83 E8 1A                        	SUB	EAX,26
   306 00000232 50                              	PUSH	EAX
   307 00000233 6A 00                           	PUSH	0
   308 00000235 6A 08                           	PUSH	8
   309 00000237 FF 75 0C                        	PUSH	DWORD [12+EBP]
   310 0000023A FF 75 08                        	PUSH	DWORD [8+EBP]
   311 0000023D E8 FFFFFF3A                     	CALL	_boxfill8
   312 00000242 8B 75 10                        	MOV	ESI,DWORD [16+EBP]
   313 00000245 83 C4 38                        	ADD	ESP,56
   314 00000248 83 EE 18                        	SUB	ESI,24
   315 0000024B 56                              	PUSH	ESI
   316 0000024C 6A 3B                           	PUSH	59
   317 0000024E 56                              	PUSH	ESI
   318 0000024F 6A 03                           	PUSH	3
   319 00000251 6A 07                           	PUSH	7
   320 00000253 FF 75 0C                        	PUSH	DWORD [12+EBP]
   321 00000256 FF 75 08                        	PUSH	DWORD [8+EBP]
   322 00000259 E8 FFFFFF1E                     	CALL	_boxfill8
   323 0000025E 8B 45 10                        	MOV	EAX,DWORD [16+EBP]
   324 00000261 83 E8 04                        	SUB	EAX,4
   325 00000264 50                              	PUSH	EAX
   326 00000265 89 45 F0                        	MOV	DWORD [-16+EBP],EAX
   327 00000268 6A 02                           	PUSH	2
   328 0000026A 56                              	PUSH	ESI
   329 0000026B 6A 02                           	PUSH	2
   330 0000026D 6A 07                           	PUSH	7
   331 0000026F FF 75 0C                        	PUSH	DWORD [12+EBP]
   332 00000272 FF 75 08                        	PUSH	DWORD [8+EBP]
   333 00000275 E8 FFFFFF02                     	CALL	_boxfill8
   334 0000027A 83 C4 38                        	ADD	ESP,56
   335 0000027D FF 75 F0                        	PUSH	DWORD [-16+EBP]
   336 00000280 6A 3B                           	PUSH	59
   337 00000282 FF 75 F0                        	PUSH	DWORD [-16+EBP]
   338 00000285 6A 03                           	PUSH	3
   339 00000287 6A 0F                           	PUSH	15
   340 00000289 FF 75 0C                        	PUSH	DWORD [12+EBP]
   341 0000028C FF 75 08                        	PUSH	DWORD [8+EBP]
   342 0000028F E8 FFFFFEE8                     	CALL	_boxfill8
   343 00000294 8B 45 10                        	MOV	EAX,DWORD [16+EBP]
   344 00000297 83 E8 05                        	SUB	EAX,5
   345 0000029A 50                              	PUSH	EAX
   346 0000029B 8B 45 10                        	MOV	EAX,DWORD [16+EBP]
   347 0000029E 6A 3B                           	PUSH	59
   348 000002A0 83 E8 17                        	SUB	EAX,23
   349 000002A3 50                              	PUSH	EAX
   350 000002A4 89 45 EC                        	MOV	DWORD [-20+EBP],EAX
   351 000002A7 6A 3B                           	PUSH	59
   352 000002A9 6A 0F                           	PUSH	15
   353 000002AB FF 75 0C                        	PUSH	DWORD [12+EBP]
   354 000002AE FF 75 08                        	PUSH	DWORD [8+EBP]
   355 000002B1 E8 FFFFFEC6                     	CALL	_boxfill8
   356 000002B6 8B 45 10                        	MOV	EAX,DWORD [16+EBP]
   357 000002B9 83 C4 38                        	ADD	ESP,56
   358 000002BC 83 E8 03                        	SUB	EAX,3
   359 000002BF 89 45 E8                        	MOV	DWORD [-24+EBP],EAX
   360 000002C2 50                              	PUSH	EAX
   361 000002C3 6A 3B                           	PUSH	59
   362 000002C5 50                              	PUSH	EAX
   363 000002C6 6A 02                           	PUSH	2
   364 000002C8 6A 00                           	PUSH	0
   365 000002CA FF 75 0C                        	PUSH	DWORD [12+EBP]
   366 000002CD FF 75 08                        	PUSH	DWORD [8+EBP]
   367 000002D0 E8 FFFFFEA7                     	CALL	_boxfill8
   368 000002D5 FF 75 E8                        	PUSH	DWORD [-24+EBP]
   369 000002D8 6A 3C                           	PUSH	60
   370 000002DA 56                              	PUSH	ESI
   371 000002DB 6A 3C                           	PUSH	60
   372 000002DD 6A 00                           	PUSH	0
   373 000002DF FF 75 0C                        	PUSH	DWORD [12+EBP]
   374 000002E2 FF 75 08                        	PUSH	DWORD [8+EBP]
   375 000002E5 E8 FFFFFE92                     	CALL	_boxfill8
   376 000002EA 8B 7D 0C                        	MOV	EDI,DWORD [12+EBP]
   377 000002ED 83 C4 38                        	ADD	ESP,56
   378 000002F0 8B 5D 0C                        	MOV	EBX,DWORD [12+EBP]
   379 000002F3 83 EB 04                        	SUB	EBX,4
   380 000002F6 83 EF 2F                        	SUB	EDI,47
   381 000002F9 56                              	PUSH	ESI
   382 000002FA 53                              	PUSH	EBX
   383 000002FB 56                              	PUSH	ESI
   384 000002FC 57                              	PUSH	EDI
   385 000002FD 6A 0F                           	PUSH	15
   386 000002FF FF 75 0C                        	PUSH	DWORD [12+EBP]
   387 00000302 FF 75 08                        	PUSH	DWORD [8+EBP]
   388 00000305 E8 FFFFFE72                     	CALL	_boxfill8
   389 0000030A FF 75 F0                        	PUSH	DWORD [-16+EBP]
   390 0000030D 57                              	PUSH	EDI
   391 0000030E FF 75 EC                        	PUSH	DWORD [-20+EBP]
   392 00000311 57                              	PUSH	EDI
   393 00000312 6A 0F                           	PUSH	15
   394 00000314 FF 75 0C                        	PUSH	DWORD [12+EBP]
   395 00000317 FF 75 08                        	PUSH	DWORD [8+EBP]
   396 0000031A E8 FFFFFE5D                     	CALL	_boxfill8
   397 0000031F 83 C4 38                        	ADD	ESP,56
   398 00000322 FF 75 E8                        	PUSH	DWORD [-24+EBP]
   399 00000325 53                              	PUSH	EBX
   400 00000326 FF 75 E8                        	PUSH	DWORD [-24+EBP]
   401 00000329 57                              	PUSH	EDI
   402 0000032A 6A 07                           	PUSH	7
   403 0000032C FF 75 0C                        	PUSH	DWORD [12+EBP]
   404 0000032F FF 75 08                        	PUSH	DWORD [8+EBP]
   405 00000332 E8 FFFFFE45                     	CALL	_boxfill8
   406 00000337 8B 45 0C                        	MOV	EAX,DWORD [12+EBP]
   407 0000033A FF 75 E8                        	PUSH	DWORD [-24+EBP]
   408 0000033D 83 E8 03                        	SUB	EAX,3
   409 00000340 50                              	PUSH	EAX
   410 00000341 56                              	PUSH	ESI
   411 00000342 50                              	PUSH	EAX
   412 00000343 6A 07                           	PUSH	7
   413 00000345 FF 75 0C                        	PUSH	DWORD [12+EBP]
   414 00000348 FF 75 08                        	PUSH	DWORD [8+EBP]
   415 0000034B E8 FFFFFE2C                     	CALL	_boxfill8
   416 00000350 8D 65 F4                        	LEA	ESP,DWORD [-12+EBP]
   417 00000353 5B                              	POP	EBX
   418 00000354 5E                              	POP	ESI
   419 00000355 5F                              	POP	EDI
   420 00000356 5D                              	POP	EBP
   421 00000357 C3                              	RET
   422 00000358                                 	GLOBAL	_putfont8
   423 00000358                                 _putfont8:
   424 00000358 55                              	PUSH	EBP
   425 00000359 89 E5                           	MOV	EBP,ESP
   426 0000035B 57                              	PUSH	EDI
   427 0000035C 56                              	PUSH	ESI
   428 0000035D 31 F6                           	XOR	ESI,ESI
   429 0000035F 53                              	PUSH	EBX
   430 00000360 8B 7D 1C                        	MOV	EDI,DWORD [28+EBP]
   431 00000363 8A 5D 18                        	MOV	BL,BYTE [24+EBP]
   432 00000366                                 L43:
   433 00000366 8B 45 14                        	MOV	EAX,DWORD [20+EBP]
   434 00000369 8B 55 10                        	MOV	EDX,DWORD [16+EBP]
   435 0000036C 01 F0                           	ADD	EAX,ESI
   436 0000036E 0F AF 45 0C                     	IMUL	EAX,DWORD [12+EBP]
   437 00000372 03 45 08                        	ADD	EAX,DWORD [8+EBP]
   438 00000375 8D 0C 02                        	LEA	ECX,DWORD [EDX+EAX*1]
   439 00000378 8A 14 3E                        	MOV	DL,BYTE [ESI+EDI*1]
   440 0000037B 84 D2                           	TEST	DL,DL
   441 0000037D 79 02                           	JNS	L35
   442 0000037F 88 19                           	MOV	BYTE [ECX],BL
   443 00000381                                 L35:
   444 00000381 88 D0                           	MOV	AL,DL
   445 00000383 83 E0 40                        	AND	EAX,64
   446 00000386 84 C0                           	TEST	AL,AL
   447 00000388 74 03                           	JE	L36
   448 0000038A 88 59 01                        	MOV	BYTE [1+ECX],BL
   449 0000038D                                 L36:
   450 0000038D 88 D0                           	MOV	AL,DL
   451 0000038F 83 E0 20                        	AND	EAX,32
   452 00000392 84 C0                           	TEST	AL,AL
   453 00000394 74 03                           	JE	L37
   454 00000396 88 59 02                        	MOV	BYTE [2+ECX],BL
   455 00000399                                 L37:
   456 00000399 88 D0                           	MOV	AL,DL
   457 0000039B 83 E0 10                        	AND	EAX,16
   458 0000039E 84 C0                           	TEST	AL,AL
   459 000003A0 74 03                           	JE	L38
   460 000003A2 88 59 03                        	MOV	BYTE [3+ECX],BL
   461 000003A5                                 L38:
   462 000003A5 88 D0                           	MOV	AL,DL
   463 000003A7 83 E0 08                        	AND	EAX,8
   464 000003AA 84 C0                           	TEST	AL,AL
   465 000003AC 74 03                           	JE	L39
   466 000003AE 88 59 04                        	MOV	BYTE [4+ECX],BL
   467 000003B1                                 L39:
   468 000003B1 88 D0                           	MOV	AL,DL
   469 000003B3 83 E0 04                        	AND	EAX,4
   470 000003B6 84 C0                           	TEST	AL,AL
   471 000003B8 74 03                           	JE	L40
   472 000003BA 88 59 05                        	MOV	BYTE [5+ECX],BL
   473 000003BD                                 L40:
   474 000003BD 88 D0                           	MOV	AL,DL
   475 000003BF 83 E0 02                        	AND	EAX,2
   476 000003C2 84 C0                           	TEST	AL,AL
   477 000003C4 74 03                           	JE	L41
   478 000003C6 88 59 06                        	MOV	BYTE [6+ECX],BL
   479 000003C9                                 L41:
   480 000003C9 83 E2 01                        	AND	EDX,1
   481 000003CC 84 D2                           	TEST	DL,DL
   482 000003CE 74 03                           	JE	L33
   483 000003D0 88 59 07                        	MOV	BYTE [7+ECX],BL
   484 000003D3                                 L33:
   485 000003D3 46                              	INC	ESI
   486 000003D4 83 FE 0F                        	CMP	ESI,15
   487 000003D7 7E 8D                           	JLE	L43
   488 000003D9 5B                              	POP	EBX
   489 000003DA 5E                              	POP	ESI
   490 000003DB 5F                              	POP	EDI
   491 000003DC 5D                              	POP	EBP
   492 000003DD C3                              	RET
   493 000003DE                                 	GLOBAL	_putfonts8_asc
   494 000003DE                                 _putfonts8_asc:
   495 000003DE 55                              	PUSH	EBP
   496 000003DF 89 E5                           	MOV	EBP,ESP
   497 000003E1 57                              	PUSH	EDI
   498 000003E2 56                              	PUSH	ESI
   499 000003E3 53                              	PUSH	EBX
   500 000003E4 50                              	PUSH	EAX
   501 000003E5 8B 5D 1C                        	MOV	EBX,DWORD [28+EBP]
   502 000003E8 8A 45 18                        	MOV	AL,BYTE [24+EBP]
   503 000003EB 88 45 F3                        	MOV	BYTE [-13+EBP],AL
   504 000003EE 8B 75 10                        	MOV	ESI,DWORD [16+EBP]
   505 000003F1 8B 7D 14                        	MOV	EDI,DWORD [20+EBP]
   506 000003F4 80 3B 00                        	CMP	BYTE [EBX],0
   507 000003F7 75 08                           	JNE	L51
   508 000003F9                                 L53:
   509 000003F9 8D 65 F4                        	LEA	ESP,DWORD [-12+EBP]
   510 000003FC 5B                              	POP	EBX
   511 000003FD 5E                              	POP	ESI
   512 000003FE 5F                              	POP	EDI
   513 000003FF 5D                              	POP	EBP
   514 00000400 C3                              	RET
   515 00000401                                 L51:
   516 00000401 0F B6 03                        	MOVZX	EAX,BYTE [EBX]
   517 00000404 C1 E0 04                        	SAL	EAX,4
   518 00000407 43                              	INC	EBX
   519 00000408 05 [00000000]                   	ADD	EAX,_hankaku
   520 0000040D 50                              	PUSH	EAX
   521 0000040E 0F BE 45 F3                     	MOVSX	EAX,BYTE [-13+EBP]
   522 00000412 50                              	PUSH	EAX
   523 00000413 57                              	PUSH	EDI
   524 00000414 56                              	PUSH	ESI
   525 00000415 83 C6 08                        	ADD	ESI,8
   526 00000418 FF 75 0C                        	PUSH	DWORD [12+EBP]
   527 0000041B FF 75 08                        	PUSH	DWORD [8+EBP]
   528 0000041E E8 FFFFFF35                     	CALL	_putfont8
   529 00000423 83 C4 18                        	ADD	ESP,24
   530 00000426 80 3B 00                        	CMP	BYTE [EBX],0
   531 00000429 75 D6                           	JNE	L51
   532 0000042B EB CC                           	JMP	L53
   533                                          [SECTION .data]
   534 0000003F                                 _cursor.1:
   535 0000003F 2A 2A 2A 2A 2A 2A 2A 2A 2A 2A   	DB	"**************.."
       00000049 2A 2A 2A 2A 2E 2E 
   536 0000004F 2A 4F 4F 4F 4F 4F 4F 4F 4F 4F   	DB	"*OOOOOOOOOOO*..."
       00000059 4F 4F 2A 2E 2E 2E 
   537 0000005F 2A 4F 4F 4F 4F 4F 4F 4F 4F 4F   	DB	"*OOOOOOOOOO*...."
       00000069 4F 2A 2E 2E 2E 2E 
   538 0000006F 2A 4F 4F 4F 4F 4F 4F 4F 4F 4F   	DB	"*OOOOOOOOO*....."
       00000079 2A 2E 2E 2E 2E 2E 
   539 0000007F 2A 4F 4F 4F 4F 4F 4F 4F 4F 2A   	DB	"*OOOOOOOO*......"
       00000089 2E 2E 2E 2E 2E 2E 
   540 0000008F 2A 4F 4F 4F 4F 4F 4F 4F 2A 2E   	DB	"*OOOOOOO*......."
       00000099 2E 2E 2E 2E 2E 2E 
   541 0000009F 2A 4F 4F 4F 4F 4F 4F 4F 2A 2E   	DB	"*OOOOOOO*......."
       000000A9 2E 2E 2E 2E 2E 2E 
   542 000000AF 2A 4F 4F 4F 4F 4F 4F 4F 4F 2A   	DB	"*OOOOOOOO*......"
       000000B9 2E 2E 2E 2E 2E 2E 
   543 000000BF 2A 4F 4F 4F 4F 2A 2A 4F 4F 4F   	DB	"*OOOO**OOO*....."
       000000C9 2A 2E 2E 2E 2E 2E 
   544 000000CF 2A 4F 4F 4F 2A 2E 2E 2A 4F 4F   	DB	"*OOO*..*OOO*...."
       000000D9 4F 2A 2E 2E 2E 2E 
   545 000000DF 2A 4F 4F 2A 2E 2E 2E 2E 2A 4F   	DB	"*OO*....*OOO*..."
       000000E9 4F 4F 2A 2E 2E 2E 
   546 000000EF 2A 4F 2A 2E 2E 2E 2E 2E 2E 2A   	DB	"*O*......*OOO*.."
       000000F9 4F 4F 4F 2A 2E 2E 
   547 000000FF 2A 2A 2E 2E 2E 2E 2E 2E 2E 2E   	DB	"**........*OOO*."
       00000109 2A 4F 4F 4F 2A 2E 
   548 0000010F 2A 2E 2E 2E 2E 2E 2E 2E 2E 2E   	DB	"*..........*OOO*"
       00000119 2E 2A 4F 4F 4F 2A 
   549 0000011F 2E 2E 2E 2E 2E 2E 2E 2E 2E 2E   	DB	"............*OO*"
       00000129 2E 2E 2A 4F 4F 2A 
   550 0000012F 2E 2E 2E 2E 2E 2E 2E 2E 2E 2E   	DB	".............***"
       00000139 2E 2E 2E 2A 2A 2A 
   551                                          [SECTION .text]
   552 0000042D                                 	GLOBAL	_init_mouse_cursor8
   553 0000042D                                 _init_mouse_cursor8:
   554 0000042D 55                              	PUSH	EBP
   555 0000042E 89 E5                           	MOV	EBP,ESP
   556 00000430 57                              	PUSH	EDI
   557 00000431 56                              	PUSH	ESI
   558 00000432 31 FF                           	XOR	EDI,EDI
   559 00000434 53                              	PUSH	EBX
   560 00000435 31 DB                           	XOR	EBX,EBX
   561 00000437 50                              	PUSH	EAX
   562 00000438 8A 45 0C                        	MOV	AL,BYTE [12+EBP]
   563 0000043B 8B 75 08                        	MOV	ESI,DWORD [8+EBP]
   564 0000043E 88 45 F3                        	MOV	BYTE [-13+EBP],AL
   565 00000441                                 L67:
   566 00000441 31 D2                           	XOR	EDX,EDX
   567 00000443                                 L66:
   568 00000443 8D 04 3A                        	LEA	EAX,DWORD [EDX+EDI*1]
   569 00000446 80 B8 [0000003F] 2A             	CMP	BYTE [_cursor.1+EAX],42
   570 0000044D 74 35                           	JE	L72
   571 0000044F                                 L63:
   572 0000044F 80 B8 [0000003F] 4F             	CMP	BYTE [_cursor.1+EAX],79
   573 00000456 74 26                           	JE	L73
   574 00000458                                 L64:
   575 00000458 80 B8 [0000003F] 2E             	CMP	BYTE [_cursor.1+EAX],46
   576 0000045F 74 15                           	JE	L74
   577 00000461                                 L61:
   578 00000461 42                              	INC	EDX
   579 00000462 83 FA 0F                        	CMP	EDX,15
   580 00000465 7E DC                           	JLE	L66
   581 00000467 43                              	INC	EBX
   582 00000468 83 C7 10                        	ADD	EDI,16
   583 0000046B 83 FB 0F                        	CMP	EBX,15
   584 0000046E 7E D1                           	JLE	L67
   585 00000470 58                              	POP	EAX
   586 00000471 5B                              	POP	EBX
   587 00000472 5E                              	POP	ESI
   588 00000473 5F                              	POP	EDI
   589 00000474 5D                              	POP	EBP
   590 00000475 C3                              	RET
   591 00000476                                 L74:
   592 00000476 8A 4D F3                        	MOV	CL,BYTE [-13+EBP]
   593 00000479 88 0C 30                        	MOV	BYTE [EAX+ESI*1],CL
   594 0000047C EB E3                           	JMP	L61
   595 0000047E                                 L73:
   596 0000047E C6 04 30 07                     	MOV	BYTE [EAX+ESI*1],7
   597 00000482 EB D4                           	JMP	L64
   598 00000484                                 L72:
   599 00000484 C6 04 30 00                     	MOV	BYTE [EAX+ESI*1],0
   600 00000488 EB C5                           	JMP	L63
   601 0000048A                                 	GLOBAL	_putblock8_8
   602 0000048A                                 _putblock8_8:
   603 0000048A 55                              	PUSH	EBP
   604 0000048B 89 E5                           	MOV	EBP,ESP
   605 0000048D 57                              	PUSH	EDI
   606 0000048E 56                              	PUSH	ESI
   607 0000048F 31 F6                           	XOR	ESI,ESI
   608 00000491 53                              	PUSH	EBX
   609 00000492 83 EC 0C                        	SUB	ESP,12
   610 00000495 3B 75 14                        	CMP	ESI,DWORD [20+EBP]
   611 00000498 7D 3E                           	JGE	L87
   612 0000049A 31 FF                           	XOR	EDI,EDI
   613 0000049C                                 L85:
   614 0000049C 31 DB                           	XOR	EBX,EBX
   615 0000049E 3B 5D 10                        	CMP	EBX,DWORD [16+EBP]
   616 000004A1 7D 2C                           	JGE	L89
   617 000004A3 8B 45 20                        	MOV	EAX,DWORD [32+EBP]
   618 000004A6 01 F8                           	ADD	EAX,EDI
   619 000004A8 89 45 EC                        	MOV	DWORD [-20+EBP],EAX
   620 000004AB                                 L84:
   621 000004AB 8B 45 1C                        	MOV	EAX,DWORD [28+EBP]
   622 000004AE 8B 55 18                        	MOV	EDX,DWORD [24+EBP]
   623 000004B1 01 F0                           	ADD	EAX,ESI
   624 000004B3 01 DA                           	ADD	EDX,EBX
   625 000004B5 0F AF 45 0C                     	IMUL	EAX,DWORD [12+EBP]
   626 000004B9 01 D0                           	ADD	EAX,EDX
   627 000004BB 8B 4D 08                        	MOV	ECX,DWORD [8+EBP]
   628 000004BE 8B 55 EC                        	MOV	EDX,DWORD [-20+EBP]
   629 000004C1 43                              	INC	EBX
   630 000004C2 8A 12                           	MOV	DL,BYTE [EDX]
   631 000004C4 88 14 08                        	MOV	BYTE [EAX+ECX*1],DL
   632 000004C7 FF 45 EC                        	INC	DWORD [-20+EBP]
   633 000004CA 3B 5D 10                        	CMP	EBX,DWORD [16+EBP]
   634 000004CD 7C DC                           	JL	L84
   635 000004CF                                 L89:
   636 000004CF 46                              	INC	ESI
   637 000004D0 03 7D 24                        	ADD	EDI,DWORD [36+EBP]
   638 000004D3 3B 75 14                        	CMP	ESI,DWORD [20+EBP]
   639 000004D6 7C C4                           	JL	L85
   640 000004D8                                 L87:
   641 000004D8 83 C4 0C                        	ADD	ESP,12
   642 000004DB 5B                              	POP	EBX
   643 000004DC 5E                              	POP	ESI
   644 000004DD 5F                              	POP	EDI
   645 000004DE 5D                              	POP	EBP
   646 000004DF C3                              	RET
   647 000004E0                                 	GLOBAL	_init_gdtidt
   648 000004E0                                 _init_gdtidt:
   649 000004E0 55                              	PUSH	EBP
   650 000004E1 89 E5                           	MOV	EBP,ESP
   651 000004E3 56                              	PUSH	ESI
   652 000004E4 53                              	PUSH	EBX
   653 000004E5 BE 00270000                     	MOV	ESI,2555904
   654 000004EA BB 00001FFF                     	MOV	EBX,8191
   655 000004EF                                 L95:
   656 000004EF 6A 00                           	PUSH	0
   657 000004F1 6A 00                           	PUSH	0
   658 000004F3 6A 00                           	PUSH	0
   659 000004F5 56                              	PUSH	ESI
   660 000004F6 83 C6 08                        	ADD	ESI,8
   661 000004F9 E8 0000007B                     	CALL	_set_segmdesc
   662 000004FE 83 C4 10                        	ADD	ESP,16
   663 00000501 4B                              	DEC	EBX
   664 00000502 79 EB                           	JNS	L95
   665 00000504 68 00004092                     	PUSH	16530
   666 00000509 BE 0026F800                     	MOV	ESI,2553856
   667 0000050E 6A 00                           	PUSH	0
   668 00000510 BB 000000FF                     	MOV	EBX,255
   669 00000515 6A FF                           	PUSH	-1
   670 00000517 68 00270008                     	PUSH	2555912
   671 0000051C E8 00000058                     	CALL	_set_segmdesc
   672 00000521 68 0000409A                     	PUSH	16538
   673 00000526 68 00280000                     	PUSH	2621440
   674 0000052B 68 0007FFFF                     	PUSH	524287
   675 00000530 68 00270010                     	PUSH	2555920
   676 00000535 E8 0000003F                     	CALL	_set_segmdesc
   677 0000053A 83 C4 20                        	ADD	ESP,32
   678 0000053D 68 00270000                     	PUSH	2555904
   679 00000542 68 0000FFFF                     	PUSH	65535
   680 00000547 E8 [00000000]                   	CALL	_load_gdtr
   681 0000054C 58                              	POP	EAX
   682 0000054D 5A                              	POP	EDX
   683 0000054E                                 L100:
   684 0000054E 6A 00                           	PUSH	0
   685 00000550 6A 00                           	PUSH	0
   686 00000552 6A 00                           	PUSH	0
   687 00000554 56                              	PUSH	ESI
   688 00000555 83 C6 08                        	ADD	ESI,8
   689 00000558 E8 00000066                     	CALL	_set_gatedesc
   690 0000055D 83 C4 10                        	ADD	ESP,16
   691 00000560 4B                              	DEC	EBX
   692 00000561 79 EB                           	JNS	L100
   693 00000563 68 0026F800                     	PUSH	2553856
   694 00000568 68 000007FF                     	PUSH	2047
   695 0000056D E8 [00000000]                   	CALL	_load_idtr
   696 00000572 8D 65 F8                        	LEA	ESP,DWORD [-8+EBP]
   697 00000575 5B                              	POP	EBX
   698 00000576 5E                              	POP	ESI
   699 00000577 5D                              	POP	EBP
   700 00000578 C3                              	RET
   701 00000579                                 	GLOBAL	_set_segmdesc
   702 00000579                                 _set_segmdesc:
   703 00000579 55                              	PUSH	EBP
   704 0000057A 89 E5                           	MOV	EBP,ESP
   705 0000057C 53                              	PUSH	EBX
   706 0000057D 8B 55 0C                        	MOV	EDX,DWORD [12+EBP]
   707 00000580 8B 4D 10                        	MOV	ECX,DWORD [16+EBP]
   708 00000583 8B 5D 08                        	MOV	EBX,DWORD [8+EBP]
   709 00000586 8B 45 14                        	MOV	EAX,DWORD [20+EBP]
   710 00000589 81 FA 000FFFFF                  	CMP	EDX,1048575
   711 0000058F 76 08                           	JBE	L106
   712 00000591 C1 EA 0C                        	SHR	EDX,12
   713 00000594 0D 00008000                     	OR	EAX,32768
   714 00000599                                 L106:
   715 00000599 66 89 13                        	MOV	WORD [EBX],DX
   716 0000059C 88 43 05                        	MOV	BYTE [5+EBX],AL
   717 0000059F C1 EA 10                        	SHR	EDX,16
   718 000005A2 C1 F8 08                        	SAR	EAX,8
   719 000005A5 83 E2 0F                        	AND	EDX,15
   720 000005A8 66 89 4B 02                     	MOV	WORD [2+EBX],CX
   721 000005AC 83 E0 F0                        	AND	EAX,-16
   722 000005AF C1 F9 10                        	SAR	ECX,16
   723 000005B2 09 C2                           	OR	EDX,EAX
   724 000005B4 88 4B 04                        	MOV	BYTE [4+EBX],CL
   725 000005B7 88 53 06                        	MOV	BYTE [6+EBX],DL
   726 000005BA C1 F9 08                        	SAR	ECX,8
   727 000005BD 88 4B 07                        	MOV	BYTE [7+EBX],CL
   728 000005C0 5B                              	POP	EBX
   729 000005C1 5D                              	POP	EBP
   730 000005C2 C3                              	RET
   731 000005C3                                 	GLOBAL	_set_gatedesc
   732 000005C3                                 _set_gatedesc:
   733 000005C3 55                              	PUSH	EBP
   734 000005C4 89 E5                           	MOV	EBP,ESP
   735 000005C6 53                              	PUSH	EBX
   736 000005C7 8B 55 08                        	MOV	EDX,DWORD [8+EBP]
   737 000005CA 8B 45 10                        	MOV	EAX,DWORD [16+EBP]
   738 000005CD 8B 5D 14                        	MOV	EBX,DWORD [20+EBP]
   739 000005D0 8B 4D 0C                        	MOV	ECX,DWORD [12+EBP]
   740 000005D3 66 89 42 02                     	MOV	WORD [2+EDX],AX
   741 000005D7 88 5A 05                        	MOV	BYTE [5+EDX],BL
   742 000005DA 66 89 0A                        	MOV	WORD [EDX],CX
   743 000005DD 89 D8                           	MOV	EAX,EBX
   744 000005DF C1 F8 08                        	SAR	EAX,8
   745 000005E2 C1 F9 10                        	SAR	ECX,16
   746 000005E5 88 42 04                        	MOV	BYTE [4+EDX],AL
   747 000005E8 66 89 4A 06                     	MOV	WORD [6+EDX],CX
   748 000005EC 5B                              	POP	EBX
   749 000005ED 5D                              	POP	EBP
   750 000005EE C3                              	RET
