     1 00000000                                 ; naskfunc
     2 00000000                                 ; TAB=4
     3 00000000                                 
     4 00000000                                 [FORMAT "WCOFF"]				; オブジェクトファイルを作るモード	
     5 00000000                                 [INSTRSET "i486p"]				; 486の命令まで使いたいという記述
     6 00000000                                 [BITS 32]						; 32ビットモード用の機械語を作らせる
     7 00000000                                 [FILE "naskfunc.nas"]			; ソースファイル名情報
     8 00000000                                 
     9 00000000                                 		GLOBAL	_io_hlt, _io_cli, _io_sti, _io_stihlt
    10 00000000                                 		GLOBAL	_io_in8,  _io_in16,  _io_in32
    11 00000000                                 		GLOBAL	_io_out8, _io_out16, _io_out32
    12 00000000                                 		GLOBAL	_io_load_eflags, _io_store_eflags
    13 00000000                                 		GLOBAL	_load_gdtr, _load_idtr
    14 00000000                                 
    15                                          [SECTION .text]
    16 00000000                                 
    17 00000000                                 _io_hlt:	; void io_hlt(void);
    18 00000000 F4                              		HLT
    19 00000001 C3                              		RET
    20 00000002                                 
    21 00000002                                 _io_cli:	; void io_cli(void);
    22 00000002 FA                              		CLI
    23 00000003 C3                              		RET
    24 00000004                                 
    25 00000004                                 _io_sti:	; void io_sti(void);
    26 00000004 FB                              		STI
    27 00000005 C3                              		RET
    28 00000006                                 
    29 00000006                                 _io_stihlt:	; void io_stihlt(void);
    30 00000006 FB                              		STI
    31 00000007 F4                              		HLT
    32 00000008 C3                              		RET
    33 00000009                                 
    34 00000009                                 _io_in8:	; int io_in8(int port);
    35 00000009 8B 54 24 04                     		MOV		EDX,[ESP+4]		; port
    36 0000000D B8 00000000                     		MOV		EAX,0
    37 00000012 EC                              		IN		AL,DX
    38 00000013 C3                              		RET
    39 00000014                                 
    40 00000014                                 _io_in16:	; int io_in16(int port);
    41 00000014 8B 54 24 04                     		MOV		EDX,[ESP+4]		; port
    42 00000018 B8 00000000                     		MOV		EAX,0
    43 0000001D 66 ED                           		IN		AX,DX
    44 0000001F C3                              		RET
    45 00000020                                 
    46 00000020                                 _io_in32:	; int io_in32(int port);
    47 00000020 8B 54 24 04                     		MOV		EDX,[ESP+4]		; port
    48 00000024 ED                              		IN		EAX,DX
    49 00000025 C3                              		RET
    50 00000026                                 
    51 00000026                                 _io_out8:	; void io_out8(int port, int data);
    52 00000026 8B 54 24 04                     		MOV		EDX,[ESP+4]		; port
    53 0000002A 8A 44 24 08                     		MOV		AL,[ESP+8]		; data
    54 0000002E EE                              		OUT		DX,AL
    55 0000002F C3                              		RET
    56 00000030                                 
    57 00000030                                 _io_out16:	; void io_out16(int port, int data);
    58 00000030 8B 54 24 04                     		MOV		EDX,[ESP+4]		; port
    59 00000034 8B 44 24 08                     		MOV		EAX,[ESP+8]		; data
    60 00000038 66 EF                           		OUT		DX,AX
    61 0000003A C3                              		RET
    62 0000003B                                 
    63 0000003B                                 _io_out32:	; void io_out32(int port, int data);
    64 0000003B 8B 54 24 04                     		MOV		EDX,[ESP+4]		; port
    65 0000003F 8B 44 24 08                     		MOV		EAX,[ESP+8]		; data
    66 00000043 EF                              		OUT		DX,EAX
    67 00000044 C3                              		RET
    68 00000045                                 
    69 00000045                                 _io_load_eflags:	; int io_load_eflags(void);
    70 00000045 9C                              		PUSHFD		; PUSH EFLAGS という意味
    71 00000046 58                              		POP		EAX
    72 00000047 C3                              		RET
    73 00000048                                 
    74 00000048                                 _io_store_eflags:	; void io_store_eflags(int eflags);
    75 00000048 8B 44 24 04                     		MOV		EAX,[ESP+4]
    76 0000004C 50                              		PUSH	EAX
    77 0000004D 9D                              		POPFD		; POP EFLAGS という意味
    78 0000004E C3                              		RET
    79 0000004F                                 
    80 0000004F                                 _load_gdtr:		; void load_gdtr(int limit, int addr);
    81 0000004F 66 8B 44 24 04                  		MOV		AX,[ESP+4]		; limit
    82 00000054 66 89 44 24 06                  		MOV		[ESP+6],AX
    83 00000059 0F 01 54 24 06                  		LGDT	[ESP+6]
    84 0000005E C3                              		RET
    85 0000005F                                 
    86 0000005F                                 _load_idtr:		; void load_idtr(int limit, int addr);
    87 0000005F 66 8B 44 24 04                  		MOV		AX,[ESP+4]		; limit
    88 00000064 66 89 44 24 06                  		MOV		[ESP+6],AX
    89 00000069 0F 01 5C 24 06                  		LIDT	[ESP+6]
    90 0000006E C3                              		RET
