     1 00000000                                 ; naskfunc
     2 00000000                                 ; TAB=4
     3 00000000                                 
     4 00000000                                 [FORMAT "WCOFF"]				; 制作目标文件的模式
     5 00000000                                 [BITS 32]						; 制作32位模式用的机器语言
     6 00000000                                 
     7 00000000                                 
     8 00000000                                 ; 制作目标文件的信息
     9 00000000                                 
    10 00000000                                 [FILE "naskfunc.nas"]			; 源文件名信息
    11 00000000                                 
    12 00000000                                 		GLOBAL	_io_hlt			; 程序中包含的函数名
    13 00000000                                 
    14 00000000                                 
    15 00000000                                 ; 以下是实际的函数
    16 00000000                                 
    17                                          [SECTION .text]		; 目标文件中写了这些后再写程序
    18 00000000                                 
    19 00000000                                 _io_hlt:	; void io_hlt(void);
    20 00000000 F4                              		HLT
    21 00000001 C3                              		RET
